<!doctype html>
<html lang="en">
  <head>
    <meta charset="UTF-8">
    <title>Blank</title>
    <style>.mark{content:"marker";}</style>
  </head>
  <body>
    <header class="site-global" role="banner">
      <h1 class="title">Blank</h1>
    </header>
    <script>(function(){console.log('marker');})();</script>
  </body>
</html>
