<!doctype html>
<html lang="en">
  <head>
    <meta charset="UTF-8">
    <title>Blank</title>
    <style id="assetser">.more-style{content:"more style";}</style>
  </head>
  <body>
    <header class="site-global" role="banner">
      <h1 class="title">Blank</h1>
    </header>
    <script id="assetser">(function(){console.log('more script');})();</script>
  </body>
</html>
