<!doctype html>
<html lang="en">
  <head>
    <meta charset="UTF-8">
    <title>Blank</title>
  </head>
  <body>
    <header class="site-global" role="banner">
      <h1 class="title">Blank</h1>
    </header>
    <script>
      (function() {
        console.log('inline');
      })();
      (function() {
        console.log('marker');
      })();
      (function() {
        console.log('one');
      })();
    </script>
  </body>
</html>
